
> vite_react_shadcn_ts@0.0.0 test
> vitest run


 RUN  v3.2.4 /Users/emirhanfirtina/Desktop/yenibe/crowd-whisper-roar-main

 ✓ src/test/example.test.ts (1 test) 1ms
 ✓ src/hooks/__tests__/useScenarioPregeneration.test.ts (11 tests) 15ms
 ✓ src/pages/__tests__/Index.test.tsx (2 tests) 14ms

 Test Files  3 passed (3)
      Tests  14 passed (14)
   Start at  16:12:02
   Duration  775ms (transform 67ms, setup 107ms, collect 232ms, tests 30ms, environment 663ms, prepare 141ms)

